2026-10-02T16:13:50-10:00 delta read
WAITING
No data — BLE: BLE auth not completed state=error_not_found exc=none; cloud not used
STATUS=WAITING
delta-read-failed 2
2026-10-02T16:14:01-10:00 desks
{"ok": true, "report": "system_perf", "md": "/home/rootrecord/RootRecord-Ecosystem/test-reports/Voice/system_perf_current.md", "cpu_pct": 66.2, "mem_pct": 72.2, "status_starting": {"ok": true, "skipped": true, "detail": "status_off", "phase": "starting"}, "voice_rc": 75, "voice": {}, "canonical": {"ok": true, "report_id": "rpt_0ab7122959477f6aa0e1", "status": "generated"}}
2026-10-02T16:14:03-10:00 start nws_weather
{"ok": true, "report": "nws_weather", "md": "/home/rootrecord/RootRecord-Ecosystem/test-reports/Voice/nws_weather_current.md", "sentences": 7, "status_starting": {"ok": true, "skipped": true, "detail": "status_off", "phase": "starting"}, "voice": {"rc": 75, "detail": "busy (single-flight) — WAV skipped"}, "canonical": {"ok": true, "report_id": "rpt_bab857d4e5686d7e9048", "status": "generated"}}
2026-10-02T16:14:03-10:00 done nws_weather
2026-10-02T16:14:03-10:00 start remaining_tasks
{"ok": true, "report": "remaining_tasks", "md": "/home/rootrecord/RootRecord-Ecosystem/test-reports/Voice/remaining_tasks_current.md", "sentences": 7, "status_starting": {"ok": true, "skipped": true, "detail": "status_off", "phase": "starting"}, "voice": {"rc": 75, "detail": "busy (single-flight) — WAV skipped"}, "canonical": {"ok": true, "report_id": "rpt_0f99359d6a388f7fc180", "status": "generated"}}
2026-10-02T16:14:03-10:00 done remaining_tasks
2026-10-02T16:14:03-10:00 start earthquake_report
{"ok": true, "report": "earthquake_report", "md": "/home/rootrecord/RootRecord-Ecosystem/test-reports/Voice/earthquake_report_current.md", "sentences": 6, "status_starting": {"ok": true, "skipped": true, "detail": "status_off", "phase": "starting"}, "voice": {"rc": 75, "detail": "busy (single-flight) — WAV skipped"}, "canonical": {"ok": true, "report_id": "rpt_60226397db941d8f3d00", "status": "generated"}}
2026-10-02T16:14:03-10:00 done earthquake_report
2026-10-02T16:14:03-10:00 start kilauea_report
{"ok": true, "report": "kilauea_report", "md": "/home/rootrecord/RootRecord-Ecosystem/test-reports/Voice/kilauea_report_current.md", "sentences": 9, "status_starting": {"ok": true, "skipped": true, "detail": "status_off", "phase": "starting"}, "voice": {"rc": 75, "detail": "busy (single-flight) — WAV skipped"}, "canonical": {"ok": true, "report_id": "rpt_00187d26bb3a6a6b82d1", "status": "generated"}}
2026-10-02T16:14:03-10:00 done kilauea_report
2026-10-02T16:14:03-10:00 start kilauea_image_check
