========================================
 RootRecord Ecosystem Smart Pull
========================================
Time: Mon Sep 28 10:02:02 PM HST 2026
Log: /home/rootrecord/RootRecord-Ecosystem/2 - RootRecord-Database/Logs/Github/Manual/pull-20260928-220202.log

========================================
1 - Servers/1 - RootRecord-Pacific-Solar-Server
========================================
--- Fetch ---
--- Ensure upstream ---
Setting upstream origin/main
branch 'main' set up to track 'origin/main'.
LOCAL : f3bd0a6620e7ee3f0c9877541efe00171c4752c3
REMOTE: f3bd0a6620e7ee3f0c9877541efe00171c4752c3
BASE  : f3bd0a6620e7ee3f0c9877541efe00171c4752c3
STATUS: Already synchronized

========================================
2 - RootRecord-Database
========================================
--- Fetch ---
--- Ensure upstream ---
Setting upstream origin/main
branch 'main' set up to track 'origin/main'.
LOCAL : f297c320487d2712ef252cc98a3f2794a1a44bf5
REMOTE: f297c320487d2712ef252cc98a3f2794a1a44bf5
BASE  : f297c320487d2712ef252cc98a3f2794a1a44bf5
STATUS: Already synchronized

========================================
5 - RootRecord-Library
========================================
--- Fetch ---
