========================================
 RootRecord Ecosystem Push
========================================
Time: Mon Sep 28 04:01:05 PM HST 2026
Message: Test of new manual deployment system
Log: /home/rootrecord/RootRecord-Ecosystem/2 - RootRecord-Database/Logs/Github/Manual/push-20260928-160052.log

========================================
1 - Servers/1 - RootRecord-Pacific-Solar-Server
========================================
--- Status ---
 D Pull.sh
 D Push.sh
--- Add ---
--- Commit ---
[main 76f2c5c] Test of new manual deployment system
 2 files changed, 35 deletions(-)
 delete mode 100755 Pull.sh
 delete mode 100755 Push.sh
--- Push ---
To https://github.com/RootRecord-Software-Solutions/RootRecord-Pacific-Solar-Server.git
   50d0af2..76f2c5c  main -> main
STATUS: PUSH OK

========================================
2 - RootRecord-Database
========================================
--- Status ---
?? Logs/Github/Manual/
--- Add ---
