2026-10-03T11:18:31Z fail bad_desk RuntimeError
2026-10-03T11:18:31Z fail bad_desk RuntimeError
2026-10-03T11:18:51Z fail bad_desk RuntimeError
2026-10-03T11:18:51Z fail bad_desk RuntimeError
2026-10-03T11:19:02Z fail bad_desk RuntimeError
2026-10-03T11:19:55Z fail bad_desk RuntimeError
2026-10-03T11:19:55Z fail bad_desk RuntimeError
2026-10-03T11:21:20Z fail bad_desk RuntimeError
2026-10-03T11:21:20Z fail bad_desk RuntimeError
2026-10-03T11:22:08Z fail bad_desk RuntimeError
2026-10-03T11:22:08Z fail bad_desk RuntimeError
2026-10-03T11:22:30Z fail jpl_news http_403
2026-10-03T11:22:47Z robots register_security
2026-10-03T11:22:47Z robots register_on_prem
2026-10-03T11:22:47Z robots register_off_prem
2026-10-03T11:22:47Z robots register_software
2026-10-03T11:22:47Z robots register_science
2026-10-03T11:23:43Z robots spc_forecast
2026-10-03T11:23:54Z fail state_dept_releases http_403
2026-10-03T11:24:06Z fail hhs_press http_403
